Name: CCTV-10, URL: https://cdn4.skygo.mn/live/disk1/CCTV-10/HLSv3-FTA/CCTV-10.m3u8, IPv_Type: ipv4, Location: 蒙古, ISP: , Date: None, Delay: 2764 ms, Speed: 0.52 M/s, Resolution: None
Name: CCTV-17, URL: https://live.264788.xyz/channel/cctv17?streamid=348c8c0c04a6d2b900e5a3bcb4af8ce1&livekey=01WgOR41rriMmMkzNsd0UoaxJRwetZdxIvtVk, IPv_Type: ipv4, Location: 美国, ISP: CloudFlare节点, Date: None, Delay: 82 ms, Speed: 61.89 M/s, Resolution: 1920x1080
Name: CCTV-17, URL: http://74.91.26.218:82/live/cctv17hd.m3u8, IPv_Type: ipv4, Location: 美国, ISP: , Date: None, Delay: 450 ms, Speed: 8.71 M/s, Resolution: 1920x1080
Name: 风云音乐, URL: https://live.264788.xyz/channel/fengyunyinyue?streamid=be37d16b874e7ba11dd383d7ecd75752&livekey=01WgOR41rriMmMkzNsd0UoaxJRwetZdxIvtVk, IPv_Type: ipv4, Location: 美国, ISP: CloudFlare节点, Date: None, Delay: 76 ms, Speed: 68.35 M/s, Resolution: 1920x1080
Name: 风云剧场, URL: https://live.264788.xyz/channel/fengyunjuchang?streamid=31e7b5b7032d25dd215a4069cdee1a48&livekey=01WgOR41rriMmMkzNsd0UoaxJRwetZdxIvtVk, IPv_Type: ipv4, Location: 美国, ISP: CloudFlare节点, Date: None, Delay: 37 ms, Speed: 129.11 M/s, Resolution: 1920x1080
Name: 兵器科技, URL: https://live.264788.xyz/channel/bingqikeji?streamid=6fc55a0966bdad1e1cdf39a4d37dd776&livekey=01WgOR41rriMmMkzNsd0UoaxJRwetZdxIvtVk, IPv_Type: ipv4, Location: 美国, ISP: CloudFlare节点, Date: None, Delay: 55 ms, Speed: 83.46 M/s, Resolution: 1920x1080
Name: 兵器科技, URL: https://live.264788.xyz/channel/bingqikeji?streamid=530cb4e58bbc48b7fc26f5e0a2e47966&livekey=01WgOR41rriMmMkzNsd0UoaxJRwetZdxIvtVk, IPv_Type: ipv4, Location: 美国, ISP: CloudFlare节点, Date: None, Delay: 58 ms, Speed: 77.73 M/s, Resolution: 1920x1080
Name: 湖南卫视, URL: http://satellitepull.cnr.cn/live/wx32hunws/playlist.m3u8, IPv_Type: ipv4, Location: 美国-伊利诺伊州-库克, ISP: 网宿CDN节点, Date: None, Delay: 71 ms, Speed: 1.38 M/s, Resolution: None
Name: 东南卫视, URL: http://satellitepull.cnr.cn/live/wx32fjws/playlist.m3u8, IPv_Type: ipv4, Location: 美国-德克萨斯州-达拉斯, ISP: 网宿科技CDN节点, Date: None, Delay: 65 ms, Speed: 1.41 M/s, Resolution: None
Name: 贵州卫视, URL: https://live.264788.xyz/channel/guizhouweishi?streamid=091bd59ea031989839c23459bb8cc9d4&livekey=01WgOR41rriMmMkzNsd0UoaxJRwetZdxIvtVk, IPv_Type: ipv4, Location: 美国, ISP: CloudFlare节点, Date: None, Delay: 46 ms, Speed: 108.50 M/s, Resolution: 1920x1080
Name: 河南卫视, URL: http://1.94.31.214/php/hntv.php?id=hnws, IPv_Type: ipv4, Location: 中国-上海-上海, ISP: 华为云, Date: None, Delay: 178 ms, Speed: 3.50 M/s, Resolution: 1920x1080
Name: 河南卫视, URL: http://satellitepull.cnr.cn/live/wxhnws/playlist.m3u8, IPv_Type: ipv4, Location: 美国-德克萨斯州-达拉斯, ISP: 网宿科技CDN节点, Date: None, Delay: 71 ms, Speed: 1.39 M/s, Resolution: None
Name: 江西卫视, URL: https://live.264788.xyz/channel/jiangxiweishi?streamid=555198f31caa33506ac6abb70d788959&livekey=01WgOR41rriMmMkzNsd0UoaxJRwetZdxIvtVk, IPv_Type: ipv4, Location: 美国, ISP: CloudFlare节点, Date: None, Delay: 66 ms, Speed: 33.01 M/s, Resolution: 1920x1080
Name: 江西卫视, URL: http://115.48.161.87:9901/tsfile/live/0138_1.m3u8?key=txiptv&playlive=1&authid=0, IPv_Type: ipv4, Location: 中国-河南-三门峡, ISP: 联通, Date: None, Delay: 10899 ms, Speed: 0.00 M/s, Resolution: None
Name: 内蒙古卫视, URL: https://live.264788.xyz/channel/neimengguweishi?streamid=81a015dbecf3031d7d847b7a9b059f67&livekey=01WgOR41rriMmMkzNsd0UoaxJRwetZdxIvtVk, IPv_Type: ipv4, Location: 美国, ISP: CloudFlare节点, Date: None, Delay: 48 ms, Speed: 106.57 M/s, Resolution: 1920x1080
Name: 内蒙古卫视, URL: https://live.264788.xyz/channel/neimengguweishi?streamid=3e7340acf8869ac1c7dad1bb836dcd35&livekey=01WgOR41rriMmMkzNsd0UoaxJRwetZdxIvtVk, IPv_Type: ipv4, Location: 美国, ISP: CloudFlare节点, Date: None, Delay: 63 ms, Speed: 75.25 M/s, Resolution: 1920x1080
Name: 宁夏卫视, URL: https://live.264788.xyz/channel/ningxiaweishi?streamid=1b2952717a920173e66d4a348f9dcb5c&livekey=01WgOR41rriMmMkzNsd0UoaxJRwetZdxIvtVk, IPv_Type: ipv4, Location: 美国, ISP: CloudFlare节点, Date: None, Delay: 62 ms, Speed: 76.19 M/s, Resolution: 1920x1080
Name: 宁夏卫视, URL: https://live.264788.xyz/channel/ningxiaweishi?streamid=551474d02bee1c160e1692e22c45ddba&livekey=01WgOR41rriMmMkzNsd0UoaxJRwetZdxIvtVk, IPv_Type: ipv4, Location: 美国, ISP: CloudFlare节点, Date: None, Delay: 75 ms, Speed: 71.37 M/s, Resolution: 1920x1080
Name: 宁夏卫视, URL: https://live.264788.xyz/channel/ningxiaweishi?streamid=e1236348f815c36a0429357e5b5c5f10&livekey=01WgOR41rriMmMkzNsd0UoaxJRwetZdxIvtVk, IPv_Type: ipv4, Location: 美国, ISP: CloudFlare节点, Date: None, Delay: 112 ms, Speed: 27.83 M/s, Resolution: 1920x1080
Name: 山东卫视, URL: http://satellitepull.cnr.cn/live/wxsdws/playlist.m3u8, IPv_Type: ipv4, Location: 美国-德克萨斯州-达拉斯, ISP: 网宿科技CDN节点, Date: None, Delay: 74 ms, Speed: 1.36 M/s, Resolution: None
Name: 山西卫视, URL: https://live.264788.xyz/channel/shanxiweishi?streamid=69e002ac7467d661ff7ad0671ed43f16&livekey=01WgOR41rriMmMkzNsd0UoaxJRwetZdxIvtVk, IPv_Type: ipv4, Location: 美国, ISP: CloudFlare节点, Date: None, Delay: 68 ms, Speed: 68.81 M/s, Resolution: 1920x1080
Name: 山西卫视, URL: https://live.264788.xyz/channel/shanxiweishi?streamid=eeb7d60ca6e0db131ea7a092a3cd28d2&livekey=01WgOR41rriMmMkzNsd0UoaxJRwetZdxIvtVk, IPv_Type: ipv4, Location: 美国, ISP: CloudFlare节点, Date: None, Delay: 79 ms, Speed: 65.20 M/s, Resolution: 1920x1080
Name: 陕西卫视, URL: https://live.264788.xyz/channel/shaanxiweishi?streamid=9dc887dba8ecb4e4143baf4f2373800c&livekey=01WgOR41rriMmMkzNsd0UoaxJRwetZdxIvtVk, IPv_Type: ipv4, Location: 美国, ISP: CloudFlare节点, Date: None, Delay: 70 ms, Speed: 71.10 M/s, Resolution: 1920x1080
Name: 四川卫视, URL: https://live.264788.xyz/channel/sichuanweishi4k?streamid=21be5901ee81559c827dc84e46f26452&livekey=01WgOR41rriMmMkzNsd0UoaxJRwetZdxIvtVk, IPv_Type: ipv4, Location: 美国, ISP: CloudFlare节点, Date: None, Delay: 43 ms, Speed: 109.89 M/s, Resolution: 1920x1080
Name: 四川卫视, URL: https://live.264788.xyz/channel/sichuanweishi4k?streamid=401bf692a1a8b91298f26077d53316d6&livekey=01WgOR41rriMmMkzNsd0UoaxJRwetZdxIvtVk, IPv_Type: ipv4, Location: 美国, ISP: CloudFlare节点, Date: None, Delay: 63 ms, Speed: 75.94 M/s, Resolution: 1920x1080
Name: 西藏卫视, URL: https://live.264788.xyz/channel/xizangweishi?streamid=4b4e8ea919f1cfd5e43deed1d1675251&livekey=01WgOR41rriMmMkzNsd0UoaxJRwetZdxIvtVk, IPv_Type: ipv4, Location: 美国, ISP: CloudFlare节点, Date: None, Delay: 121 ms, Speed: 37.24 M/s, Resolution: 1920x1080
Name: 新疆卫视, URL: https://live.264788.xyz/channel/xinjiangweishi?streamid=4f481f56ae39ce5d24203471de9df635&livekey=01WgOR41rriMmMkzNsd0UoaxJRwetZdxIvtVk, IPv_Type: ipv4, Location: 美国, ISP: CloudFlare节点, Date: None, Delay: 46 ms, Speed: 105.53 M/s, Resolution: 1920x1080
Name: 云南卫视, URL: https://hwapi.yntv.net/ew265l/z1z6s5.m3u8, IPv_Type: ipv4, Location: 中国-海南-海口, ISP: 电信, Date: None, Delay: 1704 ms, Speed: 0.58 M/s, Resolution: 1920x1080
Name: 嘉兴新闻综合, URL: https://m3u8channel.yunxya.com/nmip-media/channellive/channel100028/playlist.m3u8, IPv_Type: ipv4, Location: 中国-广东-东莞, ISP: 电信, Date: None, Delay: 2048 ms, Speed: 0.74 M/s, Resolution: 1920x1080
Name: 北京新闻, URL: https://satellitepull.cnr.cn/live/wxbjxwgb/playlist.m3u8, IPv_Type: ipv4, Location: 美国-德克萨斯州-达拉斯, ISP: 网宿科技CDN节点, Date: None, Delay: 94 ms, Speed: 1.15 M/s, Resolution: None
Name: 都市剧场, URL: https://satellitepull.cnr.cn/live/wxcqxwgb/playlist.m3u8, IPv_Type: ipv4, Location: 美国-德克萨斯州-达拉斯, ISP: 网宿科技CDN节点, Date: None, Delay: 95 ms, Speed: 1.20 M/s, Resolution: None
Name: 南宁都市生活, URL: http://615bbf179ba53515dccad7b1da5d1ad9.livehwc3.cn/hls.nntv.cn/nnlive/WLSH_24.m3u8?sub_m3u8=true&edge_slice=true&user_session_id=2598844eaee8a4265e706fc14b3fc11d, IPv_Type: ipv6, Location: 中国, ISP: 中国电信, Date: None, Delay: 1678 ms, Speed: 0.42 M/s, Resolution: 1920x1080
Name: 广西新闻, URL: http://192.151.150.154/live/gxxw.m3u8, IPv_Type: ipv4, Location: 美国-密苏里州-杰克逊县, ISP: Datashack公司, Date: None, Delay: 3504 ms, Speed: 1.45 M/s, Resolution: 1920x1080
Name: 广西国际, URL: http://192.151.150.154/live/gxgj.m3u8, IPv_Type: ipv4, Location: 美国-密苏里州-杰克逊县, ISP: Datashack公司, Date: None, Delay: 3460 ms, Speed: 1.49 M/s, Resolution: 1920x1080
Name: 荥经综合, URL: https://m3u8channel-yj.yunxya.com/nmip-media/channellive/channel101140/playlist.m3u8, IPv_Type: ipv4, Location: 中国-浙江-宁波, ISP: 电信, Date: None, Delay: 2278 ms, Speed: 0.76 M/s, Resolution: 1920x1080
Name: 延边卫视, URL: http://satellitepull.cnr.cn/live/wxybws/playlist.m3u8, IPv_Type: ipv4, Location: 美国-德克萨斯州-达拉斯, ISP: 网宿科技CDN节点, Date: None, Delay: 71 ms, Speed: 1.36 M/s, Resolution: None
Name: TVBS亚洲, URL: http://d2e1asnsl7br7b.cloudfront.net/7782e205e72f43aeb4a48ec97f66ebbe/index_5.m3u8?zshijd, IPv_Type: ipv6, Location: 美国, ISP: Amazon, Date: None, Delay: 547 ms, Speed: 5.59 M/s, Resolution: 1920x1080
Name: 音乐现场, URL: http://satellitepull.cnr.cn/live/wx32nmgyygb/playlist.m3u8, IPv_Type: ipv4, Location: 美国-伊利诺伊州-库克, ISP: 网宿CDN节点, Date: None, Delay: 72 ms, Speed: 1.37 M/s, Resolution: None
